// Jest Snapshot v1, https://goo.gl/fbAQLP

exports[`App component renders App 1`] = `
<section
  className="App"
>
  <MemeForm
    updateBottomText={[Function]}
    updateFile={[Function]}
    updateFontColor={[Function]}
    updateFontSize={[Function]}
    updateImageOption={[Function]}
    updateTopText={[Function]}
    updateUrl={[Function]}
  />
  <Preview
    bottomText=""
    fontColor="#000000"
    fontSize={16}
    option="upload"
    topText=""
    upload=""
    url=""
  />
</section>
`;
