// Jest Snapshot v1, https://goo.gl/fbAQLP

exports[`App component renders App 1`] = `
<section
  className="App"
>
  <section>
    <label>
      File Upload:
      <input
        onChange={[Function]}
        type="file"
      />
    </label>
    <label>
      URL:
      <input
        onChange={[Function]}
        type="text"
      />
    </label>
    <label>
      Top Text:
      <input
        onChange={[Function]}
        type="text"
      />
    </label>
    <label>
      Bottom Text:
      <input
        onChange={[Function]}
        type="text"
      />
    </label>
    <fieldset>
      <legend>
        Image Source
      </legend>
      <label
        htmlFor="upload"
      >
        Upload
        <input
          defaultChecked={true}
          id="upload"
          name="file-source"
          onChange={[Function]}
          required={true}
          type="radio"
          value="upload"
        />
      </label>
      <label
        htmlFor="url"
      >
        URL
        <input
          id="url"
          name="file-source"
          onChange={[Function]}
          required={true}
          type="radio"
          value="url"
        />
      </label>
    </fieldset>
  </section>
  <Preview
    bottomText=""
    option="upload"
    topText=""
    upload=""
    url=""
  />
</section>
`;
