// Jest Snapshot v1, https://goo.gl/fbAQLP

exports[`MemeForm component renders MemeForm 1`] = `
<section>
  <InputField
    key="File Upload-file-function updateFile(e) {
      return console.log(e.target.value);
    }"
    label="File Upload"
    name="fileUpload"
    type="file"
    update={[Function]}
  />
  <InputField
    key="URL-text-function handleUpdate(e) {
      return console.log(e.target.value);
    }"
    label="URL"
    name="imageUrl"
    type="text"
    update={[Function]}
  />
  <InputField
    key="Top Text-text-function handleUpdate(e) {
      return console.log(e.target.value);
    }"
    label="Top Text"
    name="topText"
    type="text"
    update={[Function]}
  />
  <InputField
    key="Bottom Text-text-function handleUpdate(e) {
      return console.log(e.target.value);
    }"
    label="Bottom Text"
    name="bottomText"
    type="text"
    update={[Function]}
  />
  <InputField
    defaultValue="26"
    key="Font Size-number-function handleUpdate(e) {
      return console.log(e.target.value);
    }"
    label="Font Size"
    min="10"
    name="fontSize"
    type="number"
    update={[Function]}
  />
  <InputField
    defaultValue="#FFFFFF"
    key="Font Color-color-function handleUpdate(e) {
      return console.log(e.target.value);
    }"
    label="Font Color"
    name="fontColor"
    type="color"
    update={[Function]}
  />
  <label
    htmlFor="fontFamily"
    style={
      Object {
        "marginTop": ".8rem",
      }
    }
  >
    Font:
    <select
      id="fontFamily"
      name="fontFamily"
      onChange={[Function]}
    >
      <option
        defaultValue={true}
        value="Roboto"
      >
        Roboto
      </option>
      <option
        value="Arial"
      >
        Arial
      </option>
      <option
        value="Courier"
      >
        Courier
      </option>
      <option
        value="Times"
      >
        Times
      </option>
      <option
        value="Helvetica"
      >
        Helvetica
      </option>
    </select>
  </label>
  <fieldset>
    <legend>
      Image Source
    </legend>
    <label
      htmlFor="upload"
    >
      Upload
      <input
        defaultChecked={true}
        id="upload"
        name="imageOption"
        onChange={[Function]}
        required={true}
        type="radio"
        value="upload"
      />
    </label>
    <label
      htmlFor="url"
    >
      URL
      <input
        id="url"
        name="imageOption"
        onChange={[Function]}
        required={true}
        type="radio"
        value="url"
      />
    </label>
  </fieldset>
</section>
`;
