// Jest Snapshot v1, https://goo.gl/fbAQLP

exports[`MemeForm component renders MemeForm 1`] = `
<section>
  <li
    key="File Upload-file-function updateFile(e) {
      return console.log(e.target.value);
    }"
  >
    <InputField
      label="File Upload"
      type="file"
      update={[Function]}
    />
  </li>
  <li
    key="URL-text-function updateUrl(e) {
      return console.log(e.target.value);
    }"
  >
    <InputField
      label="URL"
      type="text"
      update={[Function]}
    />
  </li>
  <li
    key="Top Text-text-function updateTopText(e) {
      return console.log(e.target.value);
    }"
  >
    <InputField
      label="Top Text"
      type="text"
      update={[Function]}
    />
  </li>
  <li
    key="Bottom Text-text-function updateBottomText(e) {
      return console.log(e.target.value);
    }"
  >
    <InputField
      label="Bottom Text"
      type="text"
      update={[Function]}
    />
  </li>
  <fieldset>
    <legend>
      Image Source
    </legend>
    <label
      htmlFor="upload"
    >
      Upload
      <input
        defaultChecked={true}
        id="upload"
        name="file-source"
        onChange={[Function]}
        required={true}
        type="radio"
        value="upload"
      />
    </label>
    <label
      htmlFor="url"
    >
      URL
      <input
        id="url"
        name="file-source"
        onChange={[Function]}
        required={true}
        type="radio"
        value="url"
      />
    </label>
  </fieldset>
  <label>
    Font Size
    <input
      defaultValue="26"
      min="10"
      onChange={[Function]}
      type="number"
    />
  </label>
  <label>
    Font Color
    <input
      defaultValue="#FFFFFF"
      onChange={[Function]}
      type="color"
    />
  </label>
</section>
`;
