// Jest Snapshot v1, https://goo.gl/fbAQLP

exports[`Preview component renders Preview 1`] = `
<section
  className="Preview"
  id="preview"
>
  <img
    src=""
  />
  <section
    className="topText"
    style={
      Object {
        "color": "#000000",
        "fontSize": "16px",
      }
    }
  />
  <section
    className="bottomText"
    style={
      Object {
        "color": "#000000",
        "fontSize": "16px",
      }
    }
  />
</section>
`;
